12:02:31 **** Incremental Build of configuration Default for project Firmware_SaberLigth ****
make 
Using optimization level g
Using newlib nano. No printf with floats supported
CC sapi_delay.c
libs/sapi/sapi_v0.5.2/abstract_modules/src/sapi_delay.c: In function 'delay':
libs/sapi/sapi_v0.5.2/abstract_modules/src/sapi_delay.c:91:23: warning: implicit declaration of function 'tickRead' [-Wimplicit-function-declaration]
    tick_t startTime = tickRead();
                       ^~~~~~~~
CC sapi_button.c
CC sapi_imu_mpu60X0.c
CC sapi_imu_mpu9250.c
DEBLOB libarm_cortexM4lf_math.hexlib
LD params
LD app/out/app.elf...
c:/ciaa/ciaa_software_1.1-win/tools/arm-none-eabi-gcc/bin/../lib/gcc/arm-none-eabi/8.2.1/../../../../arm-none-eabi/bin/ld.exe: app/out/libs/sapi/sapi_v0.5.2/abstract_modules/src/sapi_delay.o: in function `delayInaccurateMs':
C:\git\CIAA\WORKSPACE\Firmware_SaberLigth/libs/sapi/sapi_v0.5.2/abstract_modules/src/sapi_delay.c:63: multiple definition of `delayInaccurateMs'; app/out/app/src/app.o:C:\git\CIAA\WORKSPACE\Firmware_SaberLigth/app/src/app.c:29: first defined here
c:/ciaa/ciaa_software_1.1-win/tools/arm-none-eabi-gcc/bin/../lib/gcc/arm-none-eabi/8.2.1/../../../../arm-none-eabi/bin/ld.exe: app/out/app/src/app.o: in function `main':
C:\git\CIAA\WORKSPACE\Firmware_SaberLigth/app/src/app.c:63: undefined reference to `Encoder_Init'
collect2.exe: error: ld returned 1 exit status
make: *** [makefile:193: app/out/app.elf] Error 1
12:02:58 **** Incremental Build of configuration Default for project Firmware_SaberLigth ****
make 
Using optimization level g
Using newlib nano. No printf with floats supported
CC app.c
app/src/app.c: In function 'main':
app/src/app.c:70:9: warning: implicit declaration of function 'rand'; did you mean 'rewind'? [-Wimplicit-function-declaration]
    c2.g=rand()%170;
         ^~~~
         rewind
LD params
LD app/out/app.elf...
c:/ciaa/ciaa_software_1.1-win/tools/arm-none-eabi-gcc/bin/../lib/gcc/arm-none-eabi/8.2.1/../../../../arm-none-eabi/bin/ld.exe: app/out/libs/sapi/sapi_v0.5.2/abstract_modules/src/sapi_delay.o: in function `delayInaccurateMs':
C:\git\CIAA\WORKSPACE\Firmware_SaberLigth/libs/sapi/sapi_v0.5.2/abstract_modules/src/sapi_delay.c:63: multiple definition of `delayInaccurateMs'; app/out/app/src/app.o:C:\git\CIAA\WORKSPACE\Firmware_SaberLigth/app/src/app.c:29: first defined here
collect2.exe: error: ld returned 1 exit status
make: *** [makefile:193: app/out/app.elf] Error 1
12:03:41 **** Incremental Build of configuration Default for project Firmware_SaberLigth ****
make 
Using optimization level g
Using newlib nano. No printf with floats supported
CC sapi_delay.c
libs/sapi/sapi_v0.5.2/abstract_modules/src/sapi_delay.c: In function 'delay':
libs/sapi/sapi_v0.5.2/abstract_modules/src/sapi_delay.c:91:23: warning: implicit declaration of function 'tickRead' [-Wimplicit-function-declaration]
    tick_t startTime = tickRead();
                       ^~~~~~~~
LD params
LD app/out/app.elf...
COPY app.elf TO app.bin
COPY app.elf TO app.hex
LIST
NAME
SIZEOF app.elf...
   text	   data	    bss	    dec	    hex	filename
   8116	    536	    408	   9060	   2364	app/out/app.elf

Selected program: app
Selected board: edu_ciaa_nxp
12:09:22 **** Incremental Build of configuration Default for project Firmware_SaberLigth ****
make 
Using optimization level g
Using newlib nano. No printf with floats supported
CC app.c
app/src/app.c: In function 'main':
app/src/app.c:70:9: warning: implicit declaration of function 'rand'; did you mean 'rewind'? [-Wimplicit-function-declaration]
    c2.g=rand()%170;
         ^~~~
         rewind
LD params
LD app/out/app.elf...
COPY app.elf TO app.bin
COPY app.elf TO app.hex
LIST
NAME
SIZEOF app.elf...
   text	   data	    bss	    dec	    hex	filename
   8116	    536	    408	   9060	   2364	app/out/app.elf

Selected program: app
Selected board: edu_ciaa_nxp
12:09:55 **** Incremental Build of configuration Default for project Firmware_SaberLigth ****
make 
Using optimization level g
Using newlib nano. No printf with floats supported
SIZEOF app.elf...
   text	   data	    bss	    dec	    hex	filename
   8116	    536	    408	   9060	   2364	app/out/app.elf

Selected program: app
Selected board: edu_ciaa_nxp
