19:28:28 **** Incremental Build of configuration Default for project Firmware_SaberLigth ****
make 
Using optimization level g
Using newlib nano. No printf with floats supported
CC app.c
In file included from libs/sapi/sapi_v0.5.2/base/inc/sapi.h:41,
                 from libs/Sounds//inc/Sounds.h:5,
                 from app/src/app.c:13:
libs/sapi/sapi_v0.5.2/board/inc/sapi_peripheral_map.h:121: warning: "LED" redefined
    #define LED                 LEDB
 
In file included from app/src/app.c:10:
app/inc/app.h:22: note: this is the location of the previous definition
 #define LED 0
 
app/src/app.c: In function 'main':
app/src/app.c:77:22: warning: implicit declaration of function 'rand' [-Wimplicit-function-declaration]
     c2.g=( (uint8_t) rand() )%170;
                      ^~~~
CC Encoder.c
CC Neopixel.c
CC Neopixel_Efects.c
CC Sound_Module.c
CC Sounds.c
CC Touch_ADC.c
CC sapi_datatypes.c
CC sapi_sleep.c
CC sapi_cyclesCounter.c
CC sapi_gpio.c
CC sapi_spi.c
CC sapi_adc.c
CC sapi_i2c.c
CC sapi_dac.c
CC sapi_uart.c
CC sapi_board.c
CC sapi_stdio.c
CC sapi_convert.c
CC sapi_print.c
CC sapi_circularBuffer.c
CC sapi_delay.c
libs/sapi/sapi_v0.5.2/abstract_modules/src/sapi_delay.c: In function 'delay':
libs/sapi/sapi_v0.5.2/abstract_modules/src/sapi_delay.c:91:23: warning: implicit declaration of function 'tickRead' [-Wimplicit-function-declaration]
    tick_t startTime = tickRead();
                       ^~~~~~~~
CC sapi_button.c
CC sapi_imu_mpu60X0.c
CC sapi_imu_mpu9250.c
LD params
LD app/out/app.elf...
c:/ciaa/ciaa_software_1.1-win/tools/arm-none-eabi-gcc/bin/../lib/gcc/arm-none-eabi/8.2.1/../../../../arm-none-eabi/bin/ld.exe: app/out/libs/Encoder//src/Encoder.o:C:\git\CIAA\WORKSPACE\Firmware_SaberLigth/libs/Encoder//inc/Encoder.h:27: multiple definition of `colorSystem'; app/out/app/src/app.o:C:\git\CIAA\WORKSPACE\Firmware_SaberLigth/libs/Encoder//inc/Encoder.h:27: first defined here
collect2.exe: error: ld returned 1 exit status
make: *** [makefile:193: app/out/app.elf] Error 1
19:29:12 **** Incremental Build of configuration Default for project Firmware_SaberLigth ****
make 
Using optimization level g
Using newlib nano. No printf with floats supported
CC Neopixel.c
libs/Neopixel//src/Neopixel.c: In function 'SysTick_Handler':
libs/Neopixel//src/Neopixel.c:52:7: warning: implicit declaration of function 'CLI' [-Wimplicit-function-declaration]
       CLI();
       ^~~
libs/Neopixel//src/Neopixel.c: In function 'Neopixel_Update':
libs/Neopixel//src/Neopixel.c:140:5: warning: implicit declaration of function 'SEI' [-Wimplicit-function-declaration]
     SEI();
     ^~~
LD params
LD app/out/app.elf...
c:/ciaa/ciaa_software_1.1-win/tools/arm-none-eabi-gcc/bin/../lib/gcc/arm-none-eabi/8.2.1/../../../../arm-none-eabi/bin/ld.exe: app/out/libs/Encoder//src/Encoder.o:C:\git\CIAA\WORKSPACE\Firmware_SaberLigth/libs/Encoder//inc/Encoder.h:27: multiple definition of `colorSystem'; app/out/app/src/app.o:C:\git\CIAA\WORKSPACE\Firmware_SaberLigth/libs/Encoder//inc/Encoder.h:27: first defined here
c:/ciaa/ciaa_software_1.1-win/tools/arm-none-eabi-gcc/bin/../lib/gcc/arm-none-eabi/8.2.1/../../../../arm-none-eabi/bin/ld.exe: app/out/libs/Neopixel//src/Neopixel.o: in function `SysTick_Handler':
C:\git\CIAA\WORKSPACE\Firmware_SaberLigth/libs/Neopixel//src/Neopixel.c:52: undefined reference to `CLI'
c:/ciaa/ciaa_software_1.1-win/tools/arm-none-eabi-gcc/bin/../lib/gcc/arm-none-eabi/8.2.1/../../../../arm-none-eabi/bin/ld.exe: app/out/libs/Neopixel//src/Neopixel.o: in function `Neopixel_Update':
C:\git\CIAA\WORKSPACE\Firmware_SaberLigth/libs/Neopixel//src/Neopixel.c:140: undefined reference to `SEI'
collect2.exe: error: ld returned 1 exit status
make: *** [makefile:193: app/out/app.elf] Error 1
19:29:47 **** Incremental Build of configuration Default for project Firmware_SaberLigth ****
make 
Using optimization level g
Using newlib nano. No printf with floats supported
CC app.c
In file included from libs/sapi/sapi_v0.5.2/base/inc/sapi.h:41,
                 from libs/Sounds//inc/Sounds.h:5,
                 from app/src/app.c:13:
libs/sapi/sapi_v0.5.2/board/inc/sapi_peripheral_map.h:121: warning: "LED" redefined
    #define LED                 LEDB
 
In file included from app/src/app.c:10:
app/inc/app.h:22: note: this is the location of the previous definition
 #define LED 0
 
app/src/app.c: In function 'main':
app/src/app.c:77:22: warning: implicit declaration of function 'rand' [-Wimplicit-function-declaration]
     c2.g=( (uint8_t) rand() )%170;
                      ^~~~
CC Encoder.c
LD params
LD app/out/app.elf...
c:/ciaa/ciaa_software_1.1-win/tools/arm-none-eabi-gcc/bin/../lib/gcc/arm-none-eabi/8.2.1/../../../../arm-none-eabi/bin/ld.exe: app/out/libs/Neopixel//src/Neopixel.o: in function `SysTick_Handler':
C:\git\CIAA\WORKSPACE\Firmware_SaberLigth/libs/Neopixel//src/Neopixel.c:52: undefined reference to `CLI'
c:/ciaa/ciaa_software_1.1-win/tools/arm-none-eabi-gcc/bin/../lib/gcc/arm-none-eabi/8.2.1/../../../../arm-none-eabi/bin/ld.exe: app/out/libs/Neopixel//src/Neopixel.o: in function `Neopixel_Update':
C:\git\CIAA\WORKSPACE\Firmware_SaberLigth/libs/Neopixel//src/Neopixel.c:140: undefined reference to `SEI'
collect2.exe: error: ld returned 1 exit status
make: *** [makefile:193: app/out/app.elf] Error 1
19:30:17 **** Incremental Build of configuration Default for project Firmware_SaberLigth ****
make 
Using optimization level g
Using newlib nano. No printf with floats supported
CC Neopixel.c
libs/Neopixel//src/Neopixel.c: In function 'SysTick_Handler':
libs/Neopixel//src/Neopixel.c:52:7: warning: implicit declaration of function 'cli' [-Wimplicit-function-declaration]
       cli();
       ^~~
libs/Neopixel//src/Neopixel.c: In function 'Neopixel_Update':
libs/Neopixel//src/Neopixel.c:140:5: warning: implicit declaration of function 'sei' [-Wimplicit-function-declaration]
     sei();
     ^~~
LD params
LD app/out/app.elf...
c:/ciaa/ciaa_software_1.1-win/tools/arm-none-eabi-gcc/bin/../lib/gcc/arm-none-eabi/8.2.1/../../../../arm-none-eabi/bin/ld.exe: app/out/libs/Neopixel//src/Neopixel.o: in function `SysTick_Handler':
C:\git\CIAA\WORKSPACE\Firmware_SaberLigth/libs/Neopixel//src/Neopixel.c:52: undefined reference to `cli'
c:/ciaa/ciaa_software_1.1-win/tools/arm-none-eabi-gcc/bin/../lib/gcc/arm-none-eabi/8.2.1/../../../../arm-none-eabi/bin/ld.exe: app/out/libs/Neopixel//src/Neopixel.o: in function `Neopixel_Update':
C:\git\CIAA\WORKSPACE\Firmware_SaberLigth/libs/Neopixel//src/Neopixel.c:140: undefined reference to `sei'
collect2.exe: error: ld returned 1 exit status
make: *** [makefile:193: app/out/app.elf] Error 1
19:36:21 **** Incremental Build of configuration Default for project Firmware_SaberLigth ****
make 
Using optimization level g
Using newlib nano. No printf with floats supported
CC Neopixel.c
libs/Neopixel//src/Neopixel.c: In function 'SysTick_Handler':
libs/Neopixel//src/Neopixel.c:52:7: warning: implicit declaration of function 'cli' [-Wimplicit-function-declaration]
       cli();
       ^~~
libs/Neopixel//src/Neopixel.c: In function 'Neopixel_Update':
libs/Neopixel//src/Neopixel.c:140:5: error: 'SEI' undeclared (first use in this function); did you mean 'SET'?
     SEI;
     ^~~
     SET
libs/Neopixel//src/Neopixel.c:140:5: note: each undeclared identifier is reported only once for each function it appears in
make: *** [makefile:164: app/out/libs/Neopixel//src/Neopixel.o] Error 1
19:36:33 **** Incremental Build of configuration Default for project Firmware_SaberLigth ****
make 
Using optimization level g
Using newlib nano. No printf with floats supported
CC Neopixel.c
libs/Neopixel//src/Neopixel.c: In function 'SysTick_Handler':
libs/Neopixel//src/Neopixel.c:52:7: warning: implicit declaration of function 'cli' [-Wimplicit-function-declaration]
       cli();
       ^~~
libs/Neopixel//src/Neopixel.c: In function 'Neopixel_Update':
libs/Neopixel//src/Neopixel.c:140:5: warning: implicit declaration of function 'SEI' [-Wimplicit-function-declaration]
     SEI();
     ^~~
LD params
LD app/out/app.elf...
c:/ciaa/ciaa_software_1.1-win/tools/arm-none-eabi-gcc/bin/../lib/gcc/arm-none-eabi/8.2.1/../../../../arm-none-eabi/bin/ld.exe: app/out/libs/Neopixel//src/Neopixel.o: in function `SysTick_Handler':
C:\git\CIAA\WORKSPACE\Firmware_SaberLigth/libs/Neopixel//src/Neopixel.c:52: undefined reference to `cli'
c:/ciaa/ciaa_software_1.1-win/tools/arm-none-eabi-gcc/bin/../lib/gcc/arm-none-eabi/8.2.1/../../../../arm-none-eabi/bin/ld.exe: app/out/libs/Neopixel//src/Neopixel.o: in function `Neopixel_Update':
C:\git\CIAA\WORKSPACE\Firmware_SaberLigth/libs/Neopixel//src/Neopixel.c:140: undefined reference to `SEI'
collect2.exe: error: ld returned 1 exit status
make: *** [makefile:193: app/out/app.elf] Error 1
19:50:24 **** Incremental Build of configuration Default for project Firmware_SaberLigth ****
make 
Using optimization level g
Using newlib nano. No printf with floats supported
CC Sounds.c
LD params
LD app/out/app.elf...
c:/ciaa/ciaa_software_1.1-win/tools/arm-none-eabi-gcc/bin/../lib/gcc/arm-none-eabi/8.2.1/../../../../arm-none-eabi/bin/ld.exe: app/out/libs/Neopixel//src/Neopixel.o: in function `SysTick_Handler':
C:\git\CIAA\WORKSPACE\Firmware_SaberLigth/libs/Neopixel//src/Neopixel.c:52: undefined reference to `cli'
c:/ciaa/ciaa_software_1.1-win/tools/arm-none-eabi-gcc/bin/../lib/gcc/arm-none-eabi/8.2.1/../../../../arm-none-eabi/bin/ld.exe: app/out/libs/Neopixel//src/Neopixel.o: in function `Neopixel_Update':
C:\git\CIAA\WORKSPACE\Firmware_SaberLigth/libs/Neopixel//src/Neopixel.c:140: undefined reference to `SEI'
collect2.exe: error: ld returned 1 exit status
make: *** [makefile:193: app/out/app.elf] Error 1
19:51:20 **** Incremental Build of configuration Default for project Firmware_SaberLigth ****
make 
Using optimization level g
Using newlib nano. No printf with floats supported
CC Neopixel.c
libs/Neopixel//src/Neopixel.c: In function 'SysTick_Handler':
libs/Neopixel//src/Neopixel.c:52:7: warning: implicit declaration of function 'dacConfig' [-Wimplicit-function-declaration]
       dacConfig( DAC_ENABLE );
       ^~~~~~~~~
libs/Neopixel//src/Neopixel.c:52:18: error: 'DAC_ENABLE' undeclared (first use in this function); did you mean 'ENABLE'?
       dacConfig( DAC_ENABLE );
                  ^~~~~~~~~~
                  ENABLE
libs/Neopixel//src/Neopixel.c:52:18: note: each undeclared identifier is reported only once for each function it appears in
libs/Neopixel//src/Neopixel.c: In function 'Neopixel_Update':
libs/Neopixel//src/Neopixel.c:140:16: error: 'DAC_DISABLE' undeclared (first use in this function); did you mean 'DISABLE'?
     dacConfig( DAC_DISABLE );
                ^~~~~~~~~~~
                DISABLE
make: *** [makefile:164: app/out/libs/Neopixel//src/Neopixel.o] Error 1
19:51:23 **** Incremental Build of configuration Default for project Firmware_SaberLigth ****
make 
Using optimization level g
Using newlib nano. No printf with floats supported
CC Neopixel.c
libs/Neopixel//src/Neopixel.c: In function 'SysTick_Handler':
libs/Neopixel//src/Neopixel.c:52:7: warning: implicit declaration of function 'dacConfig' [-Wimplicit-function-declaration]
       dacConfig( DAC_ENABLE );
       ^~~~~~~~~
libs/Neopixel//src/Neopixel.c:52:18: error: 'DAC_ENABLE' undeclared (first use in this function); did you mean 'ENABLE'?
       dacConfig( DAC_ENABLE );
                  ^~~~~~~~~~
                  ENABLE
libs/Neopixel//src/Neopixel.c:52:18: note: each undeclared identifier is reported only once for each function it appears in
libs/Neopixel//src/Neopixel.c: In function 'Neopixel_Update':
libs/Neopixel//src/Neopixel.c:140:16: error: 'DAC_DISABLE' undeclared (first use in this function); did you mean 'DISABLE'?
     dacConfig( DAC_DISABLE );
                ^~~~~~~~~~~
                DISABLE
make: *** [makefile:164: app/out/libs/Neopixel//src/Neopixel.o] Error 1
19:51:34 **** Incremental Build of configuration Default for project Firmware_SaberLigth ****
make 
Using optimization level g
Using newlib nano. No printf with floats supported
CC Neopixel.c
libs/Neopixel//src/Neopixel.c: In function 'SysTick_Handler':
libs/Neopixel//src/Neopixel.c:52:7: warning: implicit declaration of function 'dacConfig' [-Wimplicit-function-declaration]
       dacConfig( DAC_ENABLE );
       ^~~~~~~~~
libs/Neopixel//src/Neopixel.c:52:18: error: 'DAC_ENABLE' undeclared (first use in this function); did you mean 'ENABLE'?
       dacConfig( DAC_ENABLE );
                  ^~~~~~~~~~
                  ENABLE
libs/Neopixel//src/Neopixel.c:52:18: note: each undeclared identifier is reported only once for each function it appears in
make: *** [makefile:164: app/out/libs/Neopixel//src/Neopixel.o] Error 1
19:52:19 **** Incremental Build of configuration Default for project Firmware_SaberLigth ****
make 
Using optimization level g
Using newlib nano. No printf with floats supported
CC app.c
In file included from libs/sapi/sapi_v0.5.2/base/inc/sapi.h:41,
                 from libs/Sounds//inc/Sounds.h:5,
                 from app/src/app.c:13:
libs/sapi/sapi_v0.5.2/board/inc/sapi_peripheral_map.h:121: warning: "LED" redefined
    #define LED                 LEDB
 
In file included from app/src/app.c:10:
app/inc/app.h:22: note: this is the location of the previous definition
 #define LED 0
 
app/src/app.c: In function 'main':
app/src/app.c:77:22: warning: implicit declaration of function 'rand' [-Wimplicit-function-declaration]
     c2.g=( (uint8_t) rand() )%170;
                      ^~~~
CC Encoder.c
CC Neopixel.c
CC Neopixel_Efects.c
CC Sounds.c
CC Touch_ADC.c
LD params
LD app/out/app.elf...
COPY app.elf TO app.bin
COPY app.elf TO app.hex
LIST
NAME
SIZEOF app.elf...
   text	   data	    bss	    dec	    hex	filename
  20812	    536	    424	  21772	   550c	app/out/app.elf

Selected program: app
Selected board: edu_ciaa_nxp
19:52:24 **** Incremental Build of configuration Default for project Firmware_SaberLigth ****
make 
Using optimization level g
Using newlib nano. No printf with floats supported
SIZEOF app.elf...
   text	   data	    bss	    dec	    hex	filename
  20812	    536	    424	  21772	   550c	app/out/app.elf

Selected program: app
Selected board: edu_ciaa_nxp
20:15:44 **** Incremental Build of configuration Default for project Firmware_SaberLigth ****
make 
Using optimization level g
Using newlib nano. No printf with floats supported
SIZEOF app.elf...
   text	   data	    bss	    dec	    hex	filename
  20812	    536	    424	  21772	   550c	app/out/app.elf

Selected program: app
Selected board: edu_ciaa_nxp
20:18:50 **** Incremental Build of configuration Default for project Firmware_SaberLigth ****
make 
Using optimization level g
Using newlib nano. No printf with floats supported
SIZEOF app.elf...
   text	   data	    bss	    dec	    hex	filename
  20812	    536	    424	  21772	   550c	app/out/app.elf

Selected program: app
Selected board: edu_ciaa_nxp
